PREHOOK: query: CREATE TABLE srcbucket_mapjoin_n18_stage(key int, value string) partitioned by (ds string) STORED AS TEXTFILE TBLPROPERTIES("bucketing_version" = '1')
PREHOOK: type: CREATETABLE
PREHOOK: Output: database:default
PREHOOK: Output: default@srcbucket_mapjoin_n18_stage
POSTHOOK: query: CREATE TABLE srcbucket_mapjoin_n18_stage(key int, value string) partitioned by (ds string) STORED AS TEXTFILE TBLPROPERTIES("bucketing_version" = '1')
POSTHOOK: type: CREATETABLE
POSTHOOK: Output: database:default
POSTHOOK: Output: default@srcbucket_mapjoin_n18_stage
PREHOOK: query: CREATE TABLE srcbucket_mapjoin_part_n20_stage (key int, value string) partitioned by (ds string) STORED AS TEXTFILE TBLPROPERTIES("bucketing_version" = '1')
PREHOOK: type: CREATETABLE
PREHOOK: Output: database:default
PREHOOK: Output: default@srcbucket_mapjoin_part_n20_stage
POSTHOOK: query: CREATE TABLE srcbucket_mapjoin_part_n20_stage (key int, value string) partitioned by (ds string) STORED AS TEXTFILE TBLPROPERTIES("bucketing_version" = '1')
POSTHOOK: type: CREATETABLE
POSTHOOK: Output: database:default
POSTHOOK: Output: default@srcbucket_mapjoin_part_n20_stage
PREHOOK: query: CREATE TABLE srcbucket_mapjoin_n18(key int, value string) partitioned by (ds string) CLUSTERED BY (key) INTO 2 BUCKETS STORED AS TEXTFILE TBLPROPERTIES("bucketing_version" = '1')
PREHOOK: type: CREATETABLE
PREHOOK: Output: database:default
PREHOOK: Output: default@srcbucket_mapjoin_n18
POSTHOOK: query: CREATE TABLE srcbucket_mapjoin_n18(key int, value string) partitioned by (ds string) CLUSTERED BY (key) INTO 2 BUCKETS STORED AS TEXTFILE TBLPROPERTIES("bucketing_version" = '1')
POSTHOOK: type: CREATETABLE
POSTHOOK: Output: database:default
POSTHOOK: Output: default@srcbucket_mapjoin_n18
PREHOOK: query: CREATE TABLE srcbucket_mapjoin_part_n20 (key int, value string) partitioned by (ds string) CLUSTERED BY (key) INTO 4 BUCKETS STORED AS TEXTFILE TBLPROPERTIES("bucketing_version" = '1')
PREHOOK: type: CREATETABLE
PREHOOK: Output: database:default
PREHOOK: Output: default@srcbucket_mapjoin_part_n20
POSTHOOK: query: CREATE TABLE srcbucket_mapjoin_part_n20 (key int, value string) partitioned by (ds string) CLUSTERED BY (key) INTO 4 BUCKETS STORED AS TEXTFILE TBLPROPERTIES("bucketing_version" = '1')
POSTHOOK: type: CREATETABLE
POSTHOOK: Output: database:default
POSTHOOK: Output: default@srcbucket_mapjoin_part_n20
PREHOOK: query: load data local inpath '../../data/files/bmj/000000_0' INTO TABLE srcbucket_mapjoin_n18_stage partition(ds='2008-04-08')
PREHOOK: type: LOAD
#### A masked pattern was here ####
PREHOOK: Output: default@srcbucket_mapjoin_n18_stage
POSTHOOK: query: load data local inpath '../../data/files/bmj/000000_0' INTO TABLE srcbucket_mapjoin_n18_stage partition(ds='2008-04-08')
POSTHOOK: type: LOAD
#### A masked pattern was here ####
POSTHOOK: Output: default@srcbucket_mapjoin_n18_stage
POSTHOOK: Output: default@srcbucket_mapjoin_n18_stage@ds=2008-04-08
PREHOOK: query: load data local inpath '../../data/files/bmj1/000001_0' INTO TABLE srcbucket_mapjoin_n18_stage partition(ds='2008-04-08')
PREHOOK: type: LOAD
#### A masked pattern was here ####
PREHOOK: Output: default@srcbucket_mapjoin_n18_stage@ds=2008-04-08
POSTHOOK: query: load data local inpath '../../data/files/bmj1/000001_0' INTO TABLE srcbucket_mapjoin_n18_stage partition(ds='2008-04-08')
POSTHOOK: type: LOAD
#### A masked pattern was here ####
POSTHOOK: Output: default@srcbucket_mapjoin_n18_stage@ds=2008-04-08
PREHOOK: query: load data local inpath '../../data/files/bmj/000000_0' INTO TABLE srcbucket_mapjoin_part_n20_stage partition(ds='2008-04-08')
PREHOOK: type: LOAD
#### A masked pattern was here ####
PREHOOK: Output: default@srcbucket_mapjoin_part_n20_stage
POSTHOOK: query: load data local inpath '../../data/files/bmj/000000_0' INTO TABLE srcbucket_mapjoin_part_n20_stage partition(ds='2008-04-08')
POSTHOOK: type: LOAD
#### A masked pattern was here ####
POSTHOOK: Output: default@srcbucket_mapjoin_part_n20_stage
POSTHOOK: Output: default@srcbucket_mapjoin_part_n20_stage@ds=2008-04-08
PREHOOK: query: load data local inpath '../../data/files/bmj/000001_0' INTO TABLE srcbucket_mapjoin_part_n20_stage partition(ds='2008-04-08')
PREHOOK: type: LOAD
#### A masked pattern was here ####
PREHOOK: Output: default@srcbucket_mapjoin_part_n20_stage@ds=2008-04-08
POSTHOOK: query: load data local inpath '../../data/files/bmj/000001_0' INTO TABLE srcbucket_mapjoin_part_n20_stage partition(ds='2008-04-08')
POSTHOOK: type: LOAD
#### A masked pattern was here ####
POSTHOOK: Output: default@srcbucket_mapjoin_part_n20_stage@ds=2008-04-08
PREHOOK: query: load data local inpath '../../data/files/bmj/000002_0' INTO TABLE srcbucket_mapjoin_part_n20_stage partition(ds='2008-04-08')
PREHOOK: type: LOAD
#### A masked pattern was here ####
PREHOOK: Output: default@srcbucket_mapjoin_part_n20_stage@ds=2008-04-08
POSTHOOK: query: load data local inpath '../../data/files/bmj/000002_0' INTO TABLE srcbucket_mapjoin_part_n20_stage partition(ds='2008-04-08')
POSTHOOK: type: LOAD
#### A masked pattern was here ####
POSTHOOK: Output: default@srcbucket_mapjoin_part_n20_stage@ds=2008-04-08
PREHOOK: query: load data local inpath '../../data/files/bmj/000003_0' INTO TABLE srcbucket_mapjoin_part_n20_stage partition(ds='2008-04-08')
PREHOOK: type: LOAD
#### A masked pattern was here ####
PREHOOK: Output: default@srcbucket_mapjoin_part_n20_stage@ds=2008-04-08
POSTHOOK: query: load data local inpath '../../data/files/bmj/000003_0' INTO TABLE srcbucket_mapjoin_part_n20_stage partition(ds='2008-04-08')
POSTHOOK: type: LOAD
#### A masked pattern was here ####
POSTHOOK: Output: default@srcbucket_mapjoin_part_n20_stage@ds=2008-04-08
PREHOOK: query: insert overwrite table srcbucket_mapjoin_n18  partition (ds='2008-04-08')
select key,value from srcbucket_mapjoin_n18_stage limit 150
PREHOOK: type: QUERY
PREHOOK: Input: default@srcbucket_mapjoin_n18_stage
PREHOOK: Input: default@srcbucket_mapjoin_n18_stage@ds=2008-04-08
PREHOOK: Output: default@srcbucket_mapjoin_n18@ds=2008-04-08
POSTHOOK: query: insert overwrite table srcbucket_mapjoin_n18  partition (ds='2008-04-08')
select key,value from srcbucket_mapjoin_n18_stage limit 150
POSTHOOK: type: QUERY
POSTHOOK: Input: default@srcbucket_mapjoin_n18_stage
POSTHOOK: Input: default@srcbucket_mapjoin_n18_stage@ds=2008-04-08
POSTHOOK: Output: default@srcbucket_mapjoin_n18@ds=2008-04-08
POSTHOOK: Lineage: srcbucket_mapjoin_n18 PARTITION(ds=2008-04-08).key SIMPLE [(srcbucket_mapjoin_n18_stage)srcbucket_mapjoin_n18_stage.FieldSchema(name:key, type:int, comment:null), ]
POSTHOOK: Lineage: srcbucket_mapjoin_n18 PARTITION(ds=2008-04-08).value SIMPLE [(srcbucket_mapjoin_n18_stage)srcbucket_mapjoin_n18_stage.FieldSchema(name:value, type:string, comment:null), ]
PREHOOK: query: insert overwrite table srcbucket_mapjoin_part_n20 partition (ds='2008-04-08')
  select key,value from srcbucket_mapjoin_part_n20_stage limit 150
PREHOOK: type: QUERY
PREHOOK: Input: default@srcbucket_mapjoin_part_n20_stage
PREHOOK: Input: default@srcbucket_mapjoin_part_n20_stage@ds=2008-04-08
PREHOOK: Output: default@srcbucket_mapjoin_part_n20@ds=2008-04-08
POSTHOOK: query: insert overwrite table srcbucket_mapjoin_part_n20 partition (ds='2008-04-08')
  select key,value from srcbucket_mapjoin_part_n20_stage limit 150
POSTHOOK: type: QUERY
POSTHOOK: Input: default@srcbucket_mapjoin_part_n20_stage
POSTHOOK: Input: default@srcbucket_mapjoin_part_n20_stage@ds=2008-04-08
POSTHOOK: Output: default@srcbucket_mapjoin_part_n20@ds=2008-04-08
POSTHOOK: Lineage: srcbucket_mapjoin_part_n20 PARTITION(ds=2008-04-08).key SIMPLE [(srcbucket_mapjoin_part_n20_stage)srcbucket_mapjoin_part_n20_stage.FieldSchema(name:key, type:int, comment:null), ]
POSTHOOK: Lineage: srcbucket_mapjoin_part_n20 PARTITION(ds=2008-04-08).value SIMPLE [(srcbucket_mapjoin_part_n20_stage)srcbucket_mapjoin_part_n20_stage.FieldSchema(name:value, type:string, comment:null), ]
PREHOOK: query: analyze table srcbucket_mapjoin_n18 compute statistics for columns
PREHOOK: type: ANALYZE_TABLE
PREHOOK: Input: default@srcbucket_mapjoin_n18
PREHOOK: Input: default@srcbucket_mapjoin_n18@ds=2008-04-08
PREHOOK: Output: default@srcbucket_mapjoin_n18
PREHOOK: Output: default@srcbucket_mapjoin_n18@ds=2008-04-08
#### A masked pattern was here ####
POSTHOOK: query: analyze table srcbucket_mapjoin_n18 compute statistics for columns
POSTHOOK: type: ANALYZE_TABLE
POSTHOOK: Input: default@srcbucket_mapjoin_n18
POSTHOOK: Input: default@srcbucket_mapjoin_n18@ds=2008-04-08
POSTHOOK: Output: default@srcbucket_mapjoin_n18
POSTHOOK: Output: default@srcbucket_mapjoin_n18@ds=2008-04-08
#### A masked pattern was here ####
PREHOOK: query: analyze table srcbucket_mapjoin_part_n20 compute statistics for columns
PREHOOK: type: ANALYZE_TABLE
PREHOOK: Input: default@srcbucket_mapjoin_part_n20
PREHOOK: Input: default@srcbucket_mapjoin_part_n20@ds=2008-04-08
PREHOOK: Output: default@srcbucket_mapjoin_part_n20
PREHOOK: Output: default@srcbucket_mapjoin_part_n20@ds=2008-04-08
#### A masked pattern was here ####
POSTHOOK: query: analyze table srcbucket_mapjoin_part_n20 compute statistics for columns
POSTHOOK: type: ANALYZE_TABLE
POSTHOOK: Input: default@srcbucket_mapjoin_part_n20
POSTHOOK: Input: default@srcbucket_mapjoin_part_n20@ds=2008-04-08
POSTHOOK: Output: default@srcbucket_mapjoin_part_n20
POSTHOOK: Output: default@srcbucket_mapjoin_part_n20@ds=2008-04-08
#### A masked pattern was here ####
PREHOOK: query: CREATE TABLE tab_part_n11 (key int, value string) PARTITIONED BY(ds STRING) CLUSTERED BY (key) INTO 4 BUCKETS STORED AS TEXTFILE
PREHOOK: type: CREATETABLE
PREHOOK: Output: database:default
PREHOOK: Output: default@tab_part_n11
POSTHOOK: query: CREATE TABLE tab_part_n11 (key int, value string) PARTITIONED BY(ds STRING) CLUSTERED BY (key) INTO 4 BUCKETS STORED AS TEXTFILE
POSTHOOK: type: CREATETABLE
POSTHOOK: Output: database:default
POSTHOOK: Output: default@tab_part_n11
PREHOOK: query: explain extended
insert overwrite table tab_part_n11 partition (ds='2008-04-08')
  select key,value from srcbucket_mapjoin_part_n20
PREHOOK: type: QUERY
PREHOOK: Input: default@srcbucket_mapjoin_part_n20
PREHOOK: Input: default@srcbucket_mapjoin_part_n20@ds=2008-04-08
PREHOOK: Output: default@tab_part_n11@ds=2008-04-08
POSTHOOK: query: explain extended
insert overwrite table tab_part_n11 partition (ds='2008-04-08')
  select key,value from srcbucket_mapjoin_part_n20
POSTHOOK: type: QUERY
POSTHOOK: Input: default@srcbucket_mapjoin_part_n20
POSTHOOK: Input: default@srcbucket_mapjoin_part_n20@ds=2008-04-08
POSTHOOK: Output: default@tab_part_n11@ds=2008-04-08
OPTIMIZED SQL: SELECT `key`, `value`
FROM `default`.`srcbucket_mapjoin_part_n20`
STAGE DEPENDENCIES:
  Stage-1 is a root stage
  Stage-2 depends on stages: Stage-1
  Stage-0 depends on stages: Stage-2
  Stage-3 depends on stages: Stage-0

STAGE PLANS:
  Stage: Stage-1
    Tez
#### A masked pattern was here ####
      Edges:
        Reducer 2 <- Map 1 (SIMPLE_EDGE)
#### A masked pattern was here ####
      Vertices:
        Map 1
            Map Operator Tree:
                TableScan
                  alias: srcbucket_mapjoin_part_n20
                  Statistics: Num rows: 150 Data size: 14250 Basic stats: COMPLETE Column stats: COMPLETE
                  GatherStats: false
                  Select Operator
                    expressions: key (type: int), value (type: string)
                    outputColumnNames: _col0, _col1
                    Statistics: Num rows: 150 Data size: 14250 Basic stats: COMPLETE Column stats: COMPLETE
                    Reduce Output Operator
                      bucketingVersion: 2
                      key expressions: _col0 (type: int)
                      null sort order: a
                      numBuckets: -1
                      sort order: +
                      Map-reduce partition columns: _col0 (type: int)
                      Statistics: Num rows: 150 Data size: 14250 Basic stats: COMPLETE Column stats: COMPLETE
                      tag: -1
                      value expressions: _col1 (type: string)
                      auto parallelism: false
            Execution mode: vectorized, llap
            LLAP IO: all inputs
            Path -> Alias:
#### A masked pattern was here ####
            Path -> Partition:
#### A masked pattern was here ####
                Partition
                  base file name: ds=2008-04-08
                  input format: org.apache.hadoop.mapred.TextInputFormat
                  output format: org.apache.hadoop.hive.ql.io.HiveIgnoreKeyTextOutputFormat
                  partition values:
                    ds 2008-04-08
                  properties:
                    bucket_count 4
                    bucket_field_name key
                    column.name.delimiter ,
                    columns key,value
                    columns.types int:string
#### A masked pattern was here ####
                    name default.srcbucket_mapjoin_part_n20
                    partition_columns ds
                    partition_columns.types string
                    serialization.format 1
                    serialization.lib org.apache.hadoop.hive.serde2.lazy.LazySimpleSerDe
                  serde: org.apache.hadoop.hive.serde2.lazy.LazySimpleSerDe

                    input format: org.apache.hadoop.mapred.TextInputFormat
                    output format: org.apache.hadoop.hive.ql.io.HiveIgnoreKeyTextOutputFormat
                    properties:
                      bucket_count 4
                      bucket_field_name key
                      bucketing_version 1
                      column.name.delimiter ,
                      columns key,value
                      columns.comments
                      columns.types int:string
#### A masked pattern was here ####
                      name default.srcbucket_mapjoin_part_n20
                      partition_columns ds
                      partition_columns.types string
                      serialization.format 1
                      serialization.lib org.apache.hadoop.hive.serde2.lazy.LazySimpleSerDe
                    serde: org.apache.hadoop.hive.serde2.lazy.LazySimpleSerDe
                    name: default.srcbucket_mapjoin_part_n20
                  name: default.srcbucket_mapjoin_part_n20
            Truncated Path -> Alias:
              /srcbucket_mapjoin_part_n20/ds=2008-04-08 [srcbucket_mapjoin_part_n20]
        Reducer 2
            Execution mode: vectorized, llap
            Needs Tagging: false
            Reduce Operator Tree:
              Select Operator
                expressions: KEY.reducesinkkey0 (type: int), VALUE._col0 (type: string)
                outputColumnNames: _col0, _col1
                Statistics: Num rows: 150 Data size: 14250 Basic stats: COMPLETE Column stats: COMPLETE
                File Output Operator
                  bucketingVersion: 2
                  compressed: false
                  GlobalTableId: 1
#### A masked pattern was here ####
                  NumFilesPerFileSink: 1
                  Static Partition Specification: ds=2008-04-08/
                  Statistics: Num rows: 150 Data size: 14250 Basic stats: COMPLETE Column stats: COMPLETE
#### A masked pattern was here ####
                  table:
                      input format: org.apache.hadoop.mapred.TextInputFormat
                      output format: org.apache.hadoop.hive.ql.io.HiveIgnoreKeyTextOutputFormat
                      properties:
                        bucket_count 4
                        bucket_field_name key
                        bucketing_version 2
                        column.name.delimiter ,
                        columns key,value
                        columns.comments
                        columns.types int:string
#### A masked pattern was here ####
                        name default.tab_part_n11
                        partition_columns ds
                        partition_columns.types string
                        serialization.format 1
                        serialization.lib org.apache.hadoop.hive.serde2.lazy.LazySimpleSerDe
                      serde: org.apache.hadoop.hive.serde2.lazy.LazySimpleSerDe
                      name: default.tab_part_n11
                  TotalFiles: 1
                  GatherStats: true
                  MultiFileSpray: false

  Stage: Stage-2
    Dependency Collection

  Stage: Stage-0
    Move Operator
      tables:
          partition:
            ds 2008-04-08
          replace: true
#### A masked pattern was here ####
PREHOOK: Output: database:default
PREHOOK: Output: default@tab_n10
POSTHOOK: query: CREATE TABLE tab_n10(key int, value string) PARTITIONED BY(ds STRING) CLUSTERED BY (key) INTO 2 BUCKETS STORED AS TEXTFILE
POSTHOOK: type: CREATETABLE
POSTHOOK: Output: database:default
POSTHOOK: Output: default@tab_n10
PREHOOK: query: explain extended
insert overwrite table tab_n10 partition (ds='2008-04-08')
  select key,value from srcbucket_mapjoin_n18
PREHOOK: type: QUERY
PREHOOK: Input: default@srcbucket_mapjoin_n18
PREHOOK: Input: default@srcbucket_mapjoin_n18@ds=2008-04-08
PREHOOK: Output: default@tab_n10@ds=2008-04-08
POSTHOOK: query: explain extended
insert overwrite table tab_n10 partition (ds='2008-04-08')
  select key,value from srcbucket_mapjoin_n18
POSTHOOK: type: QUERY
POSTHOOK: Input: default@srcbucket_mapjoin_n18
POSTHOOK: Input: default@srcbucket_mapjoin_n18@ds=2008-04-08
POSTHOOK: Output: default@tab_n10@ds=2008-04-08
OPTIMIZED SQL: SELECT `key`, `value`
FROM `default`.`srcbucket_mapjoin_n18`
STAGE DEPENDENCIES:
  Stage-1 is a root stage
  Stage-2 depends on stages: Stage-1
  Stage-0 depends on stages: Stage-2
  Stage-3 depends on stages: Stage-0

STAGE PLANS:
  Stage: Stage-1
    Tez
#### A masked pattern was here ####
      Edges:
        Reducer 2 <- Map 1 (SIMPLE_EDGE)
#### A masked pattern was here ####
      Vertices:
        Map 1
            Map Operator Tree:
                TableScan
                  alias: srcbucket_mapjoin_n18
                  Statistics: Num rows: 150 Data size: 14250 Basic stats: COMPLETE Column stats: COMPLETE
                  GatherStats: false
                  Select Operator
                    expressions: key (type: int), value (type: string)
                    outputColumnNames: _col0, _col1
                    Statistics: Num rows: 150 Data size: 14250 Basic stats: COMPLETE Column stats: COMPLETE
                    Reduce Output Operator
                      bucketingVersion: 2
                      key expressions: _col0 (type: int)
                      null sort order: a
                      numBuckets: -1
                      sort order: +
                      Map-reduce partition columns: _col0 (type: int)
                      Statistics: Num rows: 150 Data size: 14250 Basic stats: COMPLETE Column stats: COMPLETE
                      tag: -1
                      value expressions: _col1 (type: string)
                      auto parallelism: false
            Execution mode: vectorized, llap
            LLAP IO: all inputs
            Path -> Alias:
#### A masked pattern was here ####
            Path -> Partition:
#### A masked pattern was here ####
                Partition
                  base file name: ds=2008-04-08
                  input format: org.apache.hadoop.mapred.TextInputFormat
                  output format: org.apache.hadoop.hive.ql.io.HiveIgnoreKeyTextOutputFormat
                  partition values:
                    ds 2008-04-08
                  properties:
                    bucket_count 2
                    bucket_field_name key
                    column.name.delimiter ,
                    columns key,value
                    columns.types int:string
#### A masked pattern was here ####
                    name default.srcbucket_mapjoin_n18
                    partition_columns ds
                    partition_columns.types string
                    serialization.format 1
                    serialization.lib org.apache.hadoop.hive.serde2.lazy.LazySimpleSerDe
                  serde: org.apache.hadoop.hive.serde2.lazy.LazySimpleSerDe

                    input format: org.apache.hadoop.mapred.TextInputFormat
                    output format: org.apache.hadoop.hive.ql.io.HiveIgnoreKeyTextOutputFormat
                    properties:
                      bucket_count 2
                      bucket_field_name key
                      bucketing_version 1
                      column.name.delimiter ,
                      columns key,value
                      columns.comments
                      columns.types int:string
#### A masked pattern was here ####
                      name default.srcbucket_mapjoin_n18
                      partition_columns ds
                      partition_columns.types string
                      serialization.format 1
                      serialization.lib org.apache.hadoop.hive.serde2.lazy.LazySimpleSerDe
                    serde: org.apache.hadoop.hive.serde2.lazy.LazySimpleSerDe
                    name: default.srcbucket_mapjoin_n18
                  name: default.srcbucket_mapjoin_n18
            Truncated Path -> Alias:
              /srcbucket_mapjoin_n18/ds=2008-04-08 [srcbucket_mapjoin_n18]
        Reducer 2
            Execution mode: vectorized, llap
            Needs Tagging: false
            Reduce Operator Tree:
              Select Operator
                expressions: KEY.reducesinkkey0 (type: int), VALUE._col0 (type: string)
                outputColumnNames: _col0, _col1
                Statistics: Num rows: 150 Data size: 14250 Basic stats: COMPLETE Column stats: COMPLETE
                File Output Operator
                  bucketingVersion: 2
                  compressed: false
                  GlobalTableId: 1
#### A masked pattern was here ####
                  NumFilesPerFileSink: 1
                  Static Partition Specification: ds=2008-04-08/
                  Statistics: Num rows: 150 Data size: 14250 Basic stats: COMPLETE Column stats: COMPLETE
#### A masked pattern was here ####
                  table:
                      input format: org.apache.hadoop.mapred.TextInputFormat
                      output format: org.apache.hadoop.hive.ql.io.HiveIgnoreKeyTextOutputFormat
                      properties:
                        bucket_count 2
                        bucket_field_name key
                        bucketing_version 2
                        column.name.delimiter ,
                        columns key,value
                        columns.comments
                        columns.types int:string
#### A masked pattern was here ####
                        name default.tab_n10
                        partition_columns ds
                        partition_columns.types string
                        serialization.format 1
                        serialization.lib org.apache.hadoop.hive.serde2.lazy.LazySimpleSerDe
                      serde: org.apache.hadoop.hive.serde2.lazy.LazySimpleSerDe
                      name: default.tab_n10
                  TotalFiles: 1
                  GatherStats: true
                  MultiFileSpray: false

  Stage: Stage-2
    Dependency Collection

  Stage: Stage-0
    Move Operator
      tables:
          partition:
            ds 2008-04-08
          replace: true
#### A masked pattern was here ####
          table:
              input format: org.apache.hadoop.mapred.TextInputFormat
              output format: org.apache.hadoop.hive.ql.io.HiveIgnoreKeyTextOutputFormat
              properties:
                bucket_count 2
                bucket_field_name key
                bucketing_version 2
                column.name.delimiter ,
                columns key,value
                columns.comments
                columns.types int:string
#### A masked pattern was here ####
                name default.tab_n10
                partition_columns ds
                partition_columns.types string
                serialization.format 1
                serialization.lib org.apache.hadoop.hive.serde2.lazy.LazySimpleSerDe
              serde: org.apache.hadoop.hive.serde2.lazy.LazySimpleSerDe
              name: default.tab_n10

  Stage: Stage-3
    Stats Work
      Basic Stats Work:
#### A masked pattern was here ####

PREHOOK: query: insert overwrite table tab_n10 partition (ds='2008-04-08')
  select key,value from srcbucket_mapjoin_n18
PREHOOK: type: QUERY
PREHOOK: Input: default@srcbucket_mapjoin_n18
PREHOOK: Input: default@srcbucket_mapjoin_n18@ds=2008-04-08
PREHOOK: Output: default@tab_n10@ds=2008-04-08
POSTHOOK: query: insert overwrite table tab_n10 partition (ds='2008-04-08')
  select key,value from srcbucket_mapjoin_n18
POSTHOOK: type: QUERY
POSTHOOK: Input: default@srcbucket_mapjoin_n18
POSTHOOK: Input: default@srcbucket_mapjoin_n18@ds=2008-04-08
POSTHOOK: Output: default@tab_n10@ds=2008-04-08
POSTHOOK: Lineage: tab_n10 PARTITION(ds=2008-04-08).key SIMPLE [(srcbucket_mapjoin_n18)srcbucket_mapjoin_n18.FieldSchema(name:key, type:int, comment:null), ]
POSTHOOK: Lineage: tab_n10 PARTITION(ds=2008-04-08).value SIMPLE [(srcbucket_mapjoin_n18)srcbucket_mapjoin_n18.FieldSchema(name:value, type:string, comment:null), ]
PREHOOK: query: analyze table tab_part_n11 compute statistics for columns
PREHOOK: type: ANALYZE_TABLE
PREHOOK: Input: default@tab_part_n11
PREHOOK: Input: default@tab_part_n11@ds=2008-04-08
PREHOOK: Output: default@tab_part_n11
PREHOOK: Output: default@tab_part_n11@ds=2008-04-08
#### A masked pattern was here ####
POSTHOOK: query: analyze table tab_part_n11 compute statistics for columns
POSTHOOK: type: ANALYZE_TABLE
POSTHOOK: Input: default@tab_part_n11
POSTHOOK: Input: default@tab_part_n11@ds=2008-04-08
POSTHOOK: Output: default@tab_part_n11
POSTHOOK: Output: default@tab_part_n11@ds=2008-04-08
#### A masked pattern was here ####
PREHOOK: query: analyze table tab_n10 compute statistics for columns
PREHOOK: type: ANALYZE_TABLE
PREHOOK: Input: default@tab_n10
PREHOOK: Input: default@tab_n10@ds=2008-04-08
PREHOOK: Output: default@tab_n10
PREHOOK: Output: default@tab_n10@ds=2008-04-08
#### A masked pattern was here ####
POSTHOOK: query: analyze table tab_n10 compute statistics for columns
POSTHOOK: type: ANALYZE_TABLE
POSTHOOK: Input: default@tab_n10
POSTHOOK: Input: default@tab_n10@ds=2008-04-08
POSTHOOK: Output: default@tab_n10
POSTHOOK: Output: default@tab_n10@ds=2008-04-08
#### A masked pattern was here ####
PREHOOK: query: explain extended
select t1.key, t1.value, t2.key, t2.value from srcbucket_mapjoin_n18 t1, srcbucket_mapjoin_part_n20 t2 where t1.key = t2.key order by t1.key, t1.value, t2.key, t2.value
PREHOOK: type: QUERY
PREHOOK: Input: default@test_eb_true_bucket_wopart_none
#### A masked pattern was here ####
POSTHOOK: query: select a, sum(b) from test_eb_true_bucket_wopart_none where a=1 group by a
POSTHOOK: type: QUERY
POSTHOOK: Input: default@test_eb_true_bucket_wopart_none
#### A masked pattern was here ####
1	9
PREHOOK: query: insert overwrite table test_eb_true_bucket_wopart_none select * from test_eb_true_bucket_wopart_none
PREHOOK: type: QUERY
PREHOOK: Input: default@test_eb_true_bucket_wopart_none
PREHOOK: Output: default@test_eb_true_bucket_wopart_none
POSTHOOK: query: insert overwrite table test_eb_true_bucket_wopart_none select * from test_eb_true_bucket_wopart_none
POSTHOOK: type: QUERY
POSTHOOK: Input: default@test_eb_true_bucket_wopart_none
POSTHOOK: Output: default@test_eb_true_bucket_wopart_none
POSTHOOK: Lineage: test_eb_true_bucket_wopart_none.a SIMPLE [(test_eb_true_bucket_wopart_none)test_eb_true_bucket_wopart_none.FieldSchema(name:a, type:int, comment:null), ]
POSTHOOK: Lineage: test_eb_true_bucket_wopart_none.b SIMPLE [(test_eb_true_bucket_wopart_none)test_eb_true_bucket_wopart_none.FieldSchema(name:b, type:int, comment:null), ]
Found 4 items
#### A masked pattern was here ####
PREHOOK: query: select a, sum(b) from test_eb_true_bucket_wopart_none where a=1 group by a
PREHOOK: type: QUERY
PREHOOK: Input: default@test_eb_true_bucket_wopart_none
#### A masked pattern was here ####
POSTHOOK: query: select a, sum(b) from test_eb_true_bucket_wopart_none where a=1 group by a
POSTHOOK: type: QUERY
POSTHOOK: Input: default@test_eb_true_bucket_wopart_none
#### A masked pattern was here ####
Found 4 items
#### A masked pattern was here ####
22
23
24
Found 4 items
#### A masked pattern was here ####
32
34
Found 4 items
#### A masked pattern was here ####
12
13
14
Found 4 items
#### A masked pattern was here ####
43
