PREHOOK: query: create table t_1(a int, b int)
PREHOOK: type: CREATETABLE
PREHOOK: Output: database:default
PREHOOK: Output: default@t_1
POSTHOOK: query: create table t_1(a int, b int)
POSTHOOK: type: CREATETABLE
POSTHOOK: Output: database:default
POSTHOOK: Output: default@t_1
PREHOOK: query: insert into t_1 select 1,2
PREHOOK: type: QUERY
PREHOOK: Input: _dummy_database@_dummy_table
PREHOOK: Output: default@t_1
POSTHOOK: query: insert into t_1 select 1,2
POSTHOOK: type: QUERY
POSTHOOK: Input: _dummy_database@_dummy_table
POSTHOOK: Output: default@t_1
POSTHOOK: Lineage: t_1.a SIMPLE []
POSTHOOK: Lineage: t_1.b SIMPLE []
PREHOOK: query: insert into t_1 select 1,2
PREHOOK: type: QUERY
PREHOOK: Input: _dummy_database@_dummy_table
PREHOOK: Output: default@t_1
POSTHOOK: query: insert into t_1 select 1,2
POSTHOOK: type: QUERY
POSTHOOK: Input: _dummy_database@_dummy_table
POSTHOOK: Output: default@t_1
POSTHOOK: Lineage: t_1.a SIMPLE []
POSTHOOK: Lineage: t_1.b SIMPLE []
PREHOOK: query: insert into t_1 select 3,4
PREHOOK: type: QUERY
PREHOOK: Input: _dummy_database@_dummy_table
PREHOOK: Output: default@t_1
POSTHOOK: query: insert into t_1 select 3,4
POSTHOOK: type: QUERY
POSTHOOK: Input: _dummy_database@_dummy_table
POSTHOOK: Output: default@t_1
POSTHOOK: Lineage: t_1.a SIMPLE []
POSTHOOK: Lineage: t_1.b SIMPLE []
PREHOOK: query: select * from t_1 t1 join t_1 t2 on(t1.a=t2.a)
PREHOOK: type: QUERY
PREHOOK: Input: default@t_1
#### A masked pattern was here ####
POSTHOOK: query: select * from t_1 t1 join t_1 t2 on(t1.a=t2.a)
POSTHOOK: type: QUERY
POSTHOOK: Input: default@t_1
#### A masked pattern was here ####
1	2	1	2
1	2	1	2
1	2	1	2
1	2	1	2
3	4	3	4
PREHOOK: query: select * from t_1 t1 join t_1 t2 on(t1.a=t2.a)
PREHOOK: type: QUERY
PREHOOK: Input: default@t_1
#### A masked pattern was here ####
POSTHOOK: query: select * from t_1 t1 join t_1 t2 on(t1.a=t2.a)
POSTHOOK: type: QUERY
POSTHOOK: Input: default@t_1
#### A masked pattern was here ####
1	2	1	2
1	2	1	2
1	2	1	2
1	2	1	2
3	4	3	4
